This is pdfTeX, Version 3.141592653-2.6-1.40.29 (TeX Live 2026) (preloaded format=pdflatex 2026.3.1)  1 JUN 2026 10:53
entering extended mode
 restricted \write18 enabled.
 file:line:error style messages enabled.
 %&-line parsing enabled.
**"/Users/evie/University of Michigan Dropbox/Evelynn Henry/Paper Writing/TestTex/EvieWriting/compiled_manuscript.tex"
(/Users/evie/University of Michigan Dropbox/Evelynn Henry/Paper Writing/TestTex/EvieWriting/compiled_manuscript.tex
LaTeX2e <2025-11-01>
L3 programming layer <2026-01-19>
(/usr/local/texlive/2026basic/texmf-dist/tex/latex/base/article.cls
Document Class: article 2025/01/22 v1.4n Standard LaTeX document class
(/usr/local/texlive/2026basic/texmf-dist/tex/latex/base/size10.clo
File: size10.clo 2025/01/22 v1.4n Standard LaTeX file (size option)
)
\c@part=\count275
\c@section=\count276
\c@subsection=\count277
\c@subsubsection=\count278
\c@paragraph=\count279
\c@subparagraph=\count280
\c@figure=\count281
\c@table=\count282
\abovecaptionskip=\skip49
\belowcaptionskip=\skip50
\bibindent=\dimen148
) (./preamble.tex (/usr/local/texlive/2026basic/texmf-dist/tex/latex/geometry/geometry.sty
Package: geometry 2020/01/02 v5.9 Page Geometry
 (/usr/local/texlive/2026basic/texmf-dist/tex/latex/graphics/keyval.sty
Package: keyval 2022/05/29 v1.15 key=value parser (DPC)
\KV@toks@=\toks17
) (/usr/local/texlive/2026basic/texmf-dist/tex/generic/iftex/ifvtex.sty
Package: ifvtex 2019/10/25 v1.7 ifvtex legacy package. Use iftex instead.
 (/usr/local/texlive/2026basic/texmf-dist/tex/generic/iftex/iftex.sty
Package: iftex 2024/12/12 v1.0g TeX engine tests
))
\Gm@cnth=\count283
\Gm@cntv=\count284
\c@Gm@tempcnt=\count285
\Gm@bindingoffset=\dimen149
\Gm@wd@mp=\dimen150
\Gm@odd@mp=\dimen151
\Gm@even@mp=\dimen152
\Gm@layoutwidth=\dimen153
\Gm@layoutheight=\dimen154
\Gm@layouthoffset=\dimen155
\Gm@layoutvoffset=\dimen156
\Gm@dimlist=\toks18
) (/usr/local/texlive/2026basic/texmf-dist/tex/generic/soul/soul.sty
Package: soul 2026-03-06 v3.2 Permit use of UTF-8 characters in soul (HO)
 (/usr/local/texlive/2026basic/texmf-dist/tex/generic/soul/soul-ori.sty
Package: soul-ori 2026-03-06 v3.2 letterspacing/underlining (mf)
\SOUL@word=\toks19
\SOUL@lasttoken=\toks20
\SOUL@syllable=\toks21
\SOUL@cmds=\toks22
\SOUL@buffer=\toks23
\SOUL@token=\toks24
\SOUL@syllgoal=\dimen157
\SOUL@syllwidth=\dimen158
\SOUL@charkern=\dimen159
\SOUL@hyphkern=\dimen160
\SOUL@dimen=\dimen161
\SOUL@dimeni=\dimen162
\SOUL@minus=\count286
\SOUL@comma=\count287
\SOUL@apo=\count288
\SOUL@grave=\count289
\SOUL@spaceskip=\skip51
\SOUL@ttwidth=\dimen163
\SOUL@uldp=\dimen164
\SOUL@ulht=\dimen165
) (/usr/local/texlive/2026basic/texmf-dist/tex/generic/infwarerr/infwarerr.sty
Package: infwarerr 2019/12/03 v1.5 Providing info/warning/error messages (HO)
) (/usr/local/texlive/2026basic/texmf-dist/tex/generic/etexcmds/etexcmds.sty
Package: etexcmds 2019/12/15 v1.7 Avoid name clashes with e-TeX commands (HO)
)) (/usr/local/texlive/2026basic/texmf-dist/tex/latex/xcolor/xcolor.sty
Package: xcolor 2024/09/29 v3.02 LaTeX color extensions (UK)
 (/usr/local/texlive/2026basic/texmf-dist/tex/latex/graphics-cfg/color.cfg
File: color.cfg 2016/01/02 v1.6 sample color configuration
)
Package xcolor Info: Driver file: pdftex.def on input line 274.
 (/usr/local/texlive/2026basic/texmf-dist/tex/latex/graphics-def/pdftex.def
File: pdftex.def 2025/09/29 v1.2d Graphics/color driver for pdftex
) (/usr/local/texlive/2026basic/texmf-dist/tex/latex/graphics/mathcolor.ltx)
Package xcolor Info: Model `cmy' substituted by `cmy0' on input line 1349.
Package xcolor Info: Model `hsb' substituted by `rgb' on input line 1353.
Package xcolor Info: Model `RGB' extended on input line 1365.
Package xcolor Info: Model `HTML' substituted by `rgb' on input line 1367.
Package xcolor Info: Model `Hsb' substituted by `hsb' on input line 1368.
Package xcolor Info: Model `tHsb' substituted by `hsb' on input line 1369.
Package xcolor Info: Model `HSB' substituted by `hsb' on input line 1370.
Package xcolor Info: Model `Gray' substituted by `gray' on input line 1371.
Package xcolor Info: Model `wave' substituted by `hsb' on input line 1372.
) (/usr/local/texlive/2026basic/texmf-dist/tex/latex/base/fontenc.sty
Package: fontenc 2025/07/18 v2.1d Standard LaTeX package
) (/usr/local/texlive/2026basic/texmf-dist/tex/latex/graphics/graphicx.sty
Package: graphicx 2024/12/31 v1.2e Enhanced LaTeX Graphics (DPC,SPQR)
 (/usr/local/texlive/2026basic/texmf-dist/tex/latex/graphics/graphics.sty
Package: graphics 2024/08/06 v1.4g Standard LaTeX Graphics (DPC,SPQR)
 (/usr/local/texlive/2026basic/texmf-dist/tex/latex/graphics/trig.sty
Package: trig 2023/12/02 v1.11 sin cos tan (DPC)
) (/usr/local/texlive/2026basic/texmf-dist/tex/latex/graphics-cfg/graphics.cfg
File: graphics.cfg 2016/06/04 v1.11 sample graphics configuration
)
Package graphics Info: Driver file: pdftex.def on input line 106.
)
\Gin@req@height=\dimen166
\Gin@req@width=\dimen167
) (/usr/local/texlive/2026basic/texmf-dist/tex/latex/natbib/natbib.sty
Package: natbib 2010/09/13 8.31b (PWD, AO)
\bibhang=\skip52
\bibsep=\skip53
LaTeX Info: Redefining \cite on input line 694.
\c@NAT@ctr=\count290
) (/usr/local/texlive/2026basic/texmf-dist/tex/latex/placeins/placeins.sty
Package: placeins 2005/04/18  v 2.2
) (/usr/local/texlive/2026basic/texmf-dist/tex/latex/tools/afterpage.sty
Package: afterpage 2023/07/04 v1.08 After-Page Package (DPC)
\AP@output=\toks25
\AP@partial=\box53
\AP@footins=\box54
) (/usr/local/texlive/2026basic/texmf-dist/tex/latex/caption/caption.sty
Package: caption 2023/08/05 v3.6o Customizing captions (AR)
 (/usr/local/texlive/2026basic/texmf-dist/tex/latex/caption/caption3.sty
Package: caption3 2023/07/31 v2.4d caption3 kernel (AR)
\caption@tempdima=\dimen168
\captionmargin=\dimen169
\caption@leftmargin=\dimen170
\caption@rightmargin=\dimen171
\caption@width=\dimen172
\caption@indent=\dimen173
\caption@parindent=\dimen174
\caption@hangindent=\dimen175
Package caption Info: Standard document class detected.
)
\c@caption@flags=\count291
\c@continuedfloat=\count292
)) (/usr/local/texlive/2026basic/texmf-dist/tex/latex/hyperref/hyperref.sty
Package: hyperref 2026-01-29 v7.01p Hypertext links for LaTeX
 (/usr/local/texlive/2026basic/texmf-dist/tex/latex/kvsetkeys/kvsetkeys.sty
Package: kvsetkeys 2022-10-05 v1.19 Key value parser (HO)
) (/usr/local/texlive/2026basic/texmf-dist/tex/generic/kvdefinekeys/kvdefinekeys.sty
Package: kvdefinekeys 2019-12-19 v1.6 Define keys (HO)
) (/usr/local/texlive/2026basic/texmf-dist/tex/generic/pdfescape/pdfescape.sty
Package: pdfescape 2019/12/09 v1.15 Implements pdfTeX's escape features (HO)
 (/usr/local/texlive/2026basic/texmf-dist/tex/generic/ltxcmds/ltxcmds.sty
Package: ltxcmds 2023-12-04 v1.26 LaTeX kernel commands for general use (HO)
) (/usr/local/texlive/2026basic/texmf-dist/tex/generic/pdftexcmds/pdftexcmds.sty
Package: pdftexcmds 2020-06-27 v0.33 Utility functions of pdfTeX for LuaTeX (HO)
Package pdftexcmds Info: \pdf@primitive is available.
Package pdftexcmds Info: \pdf@ifprimitive is available.
Package pdftexcmds Info: \pdfdraftmode found.
)) (/usr/local/texlive/2026basic/texmf-dist/tex/latex/hycolor/hycolor.sty
Package: hycolor 2020-01-27 v1.10 Color options for hyperref/bookmark (HO)
) (/usr/local/texlive/2026basic/texmf-dist/tex/latex/hyperref/nameref.sty
Package: nameref 2026-01-29 v2.58 Cross-referencing by name of section
 (/usr/local/texlive/2026basic/texmf-dist/tex/latex/refcount/refcount.sty
Package: refcount 2019/12/15 v3.6 Data extraction from label references (HO)
) (/usr/local/texlive/2026basic/texmf-dist/tex/generic/gettitlestring/gettitlestring.sty
Package: gettitlestring 2019/12/15 v1.6 Cleanup title references (HO)
 (/usr/local/texlive/2026basic/texmf-dist/tex/latex/kvoptions/kvoptions.sty
Package: kvoptions 2022-06-15 v3.15 Key value format for package options (HO)
))
\c@section@level=\count293
) (/usr/local/texlive/2026basic/texmf-dist/tex/latex/etoolbox/etoolbox.sty
Package: etoolbox 2025/10/02 v2.5m e-TeX tools for LaTeX (JAW)
\etb@tempcnta=\count294
) (/usr/local/texlive/2026basic/texmf-dist/tex/generic/stringenc/stringenc.sty
Package: stringenc 2019/11/29 v1.12 Convert strings between diff. encodings (HO)
)
\@linkdim=\dimen176
\Hy@linkcounter=\count295
\Hy@pagecounter=\count296
 (/usr/local/texlive/2026basic/texmf-dist/tex/latex/hyperref/pd1enc.def
File: pd1enc.def 2026-01-29 v7.01p Hyperref: PDFDocEncoding definition (HO)
Now handling font encoding PD1 ...
... no UTF-8 mapping file for font encoding PD1
) (/usr/local/texlive/2026basic/texmf-dist/tex/generic/intcalc/intcalc.sty
Package: intcalc 2019/12/15 v1.3 Expandable calculations with integers (HO)
)
\Hy@SavedSpaceFactor=\count297
 (/usr/local/texlive/2026basic/texmf-dist/tex/latex/hyperref/puenc.def
File: puenc.def 2026-01-29 v7.01p Hyperref: PDF Unicode definition (HO)
Now handling font encoding PU ...
... no UTF-8 mapping file for font encoding PU
)
Package hyperref Info: Hyper figures OFF on input line 4201.
Package hyperref Info: Link nesting OFF on input line 4206.
Package hyperref Info: Hyper index ON on input line 4209.
Package hyperref Info: Plain pages OFF on input line 4216.
Package hyperref Info: Backreferencing OFF on input line 4221.
Package hyperref Info: Implicit mode ON; LaTeX internals redefined.
Package hyperref Info: Bookmarks ON on input line 4468.
\c@Hy@tempcnt=\count298
 (/usr/local/texlive/2026basic/texmf-dist/tex/latex/url/url.sty
\Urlmuskip=\muskip17
Package: url 2013/09/16  ver 3.4  Verb mode for urls, etc.
)
LaTeX Info: Redefining \url on input line 4807.
\XeTeXLinkMargin=\dimen177
 (/usr/local/texlive/2026basic/texmf-dist/tex/generic/bitset/bitset.sty
Package: bitset 2019/12/09 v1.3 Handle bit-vector datatype (HO)
 (/usr/local/texlive/2026basic/texmf-dist/tex/generic/bigintcalc/bigintcalc.sty
Package: bigintcalc 2019/12/15 v1.5 Expandable calculations on big integers (HO)
))
\Fld@menulength=\count299
\Field@Width=\dimen178
\Fld@charsize=\dimen179
Package hyperref Info: Hyper figures OFF on input line 6084.
Package hyperref Info: Link nesting OFF on input line 6089.
Package hyperref Info: Hyper index ON on input line 6092.
Package hyperref Info: backreferencing OFF on input line 6099.
Package hyperref Info: Link coloring OFF on input line 6104.
Package hyperref Info: Link coloring with OCG OFF on input line 6109.
Package hyperref Info: PDF/A mode OFF on input line 6114.
\Hy@abspage=\count300
\c@Item=\count301
\c@Hfootnote=\count302
)
Package hyperref Info: Driver (autodetected): hpdftex.
 (/usr/local/texlive/2026basic/texmf-dist/tex/latex/hyperref/hpdftex.def
File: hpdftex.def 2026-01-29 v7.01p Hyperref driver for pdfTeX
\Fld@listcount=\count303
\c@bookmark@seq@number=\count304
 (/usr/local/texlive/2026basic/texmf-dist/tex/latex/rerunfilecheck/rerunfilecheck.sty
Package: rerunfilecheck 2025-06-21 v1.11 Rerun checks for auxiliary files (HO)
 (/usr/local/texlive/2026basic/texmf-dist/tex/generic/uniquecounter/uniquecounter.sty
Package: uniquecounter 2019/12/15 v1.4 Provide unlimited unique counter (HO)
)
Package uniquecounter Info: New unique counter `rerunfilecheck' on input line 284.
)
\Hy@SectionHShift=\skip54
) (/usr/local/texlive/2026basic/texmf-dist/tex/latex/l3backend/l3backend-pdftex.def
File: l3backend-pdftex.def 2025-10-09 L3 backend support: PDF output (pdfTeX)
\l__color_backend_stack_int=\count305
) (./compiled_manuscript.aux)
\openout1 = `compiled_manuscript.aux'.

LaTeX Font Info:    Checking defaults for OML/cmm/m/it on input line 5.
LaTeX Font Info:    ... okay on input line 5.
LaTeX Font Info:    Checking defaults for OMS/cmsy/m/n on input line 5.
LaTeX Font Info:    ... okay on input line 5.
LaTeX Font Info:    Checking defaults for OT1/cmr/m/n on input line 5.
LaTeX Font Info:    ... okay on input line 5.
LaTeX Font Info:    Checking defaults for T1/cmr/m/n on input line 5.
LaTeX Font Info:    ... okay on input line 5.
LaTeX Font Info:    Checking defaults for TS1/cmr/m/n on input line 5.
LaTeX Font Info:    ... okay on input line 5.
LaTeX Font Info:    Checking defaults for OMX/cmex/m/n on input line 5.
LaTeX Font Info:    ... okay on input line 5.
LaTeX Font Info:    Checking defaults for U/cmr/m/n on input line 5.
LaTeX Font Info:    ... okay on input line 5.
LaTeX Font Info:    Checking defaults for PD1/pdf/m/n on input line 5.
LaTeX Font Info:    ... okay on input line 5.
LaTeX Font Info:    Checking defaults for PU/pdf/m/n on input line 5.
LaTeX Font Info:    ... okay on input line 5.

*geometry* driver: auto-detecting
*geometry* detected driver: pdftex
*geometry* verbose mode - [ preamble ] result:
* driver: pdftex
* paper: custom
* layout: <same size as paper>
* layoutoffset:(h,v)=(0.0pt,0.0pt)
* modes: 
* h-part:(L,W,R)=(38.41121pt, 520.68546pt, 38.41121pt)
* v-part:(T,H,B)=(101.40665pt, 591.5302pt, 152.11pt)
* \paperwidth=597.50787pt
* \paperheight=845.04684pt
* \textwidth=520.68546pt
* \textheight=591.5302pt
* \oddsidemargin=-33.85878pt
* \evensidemargin=-33.85878pt
* \topmargin=-7.86334pt
* \headheight=12.0pt
* \headsep=25.0pt
* \topskip=10.0pt
* \footskip=30.0pt
* \marginparwidth=65.0pt
* \marginparsep=11.0pt
* \columnsep=10.0pt
* \skip\footins=9.0pt plus 4.0pt minus 2.0pt
* \hoffset=0.0pt
* \voffset=0.0pt
* \mag=1000
* \@twocolumnfalse
* \@twosidefalse
* \@mparswitchfalse
* \@reversemarginfalse
* (1in=72.27pt=25.4mm, 1cm=28.453pt)

(/usr/local/texlive/2026basic/texmf-dist/tex/context/base/mkii/supp-pdf.mkii
[Loading MPS to PDF converter (version 2006.09.02).]
\scratchcounter=\count306
\scratchdimen=\dimen180
\scratchbox=\box55
\nofMPsegments=\count307
\nofMParguments=\count308
\everyMPshowfont=\toks26
\MPscratchCnt=\count309
\MPscratchDim=\dimen181
\MPnumerator=\count310
\makeMPintoPDFobject=\count311
\everyMPtoPDFconversion=\toks27
) (/usr/local/texlive/2026basic/texmf-dist/tex/latex/epstopdf-pkg/epstopdf-base.sty
Package: epstopdf-base 2020-01-24 v2.11 Base part for package epstopdf
Package epstopdf-base Info: Redefining graphics rule for `.eps' on input line 485.
 (/usr/local/texlive/2026basic/texmf-dist/tex/latex/latexconfig/epstopdf-sys.cfg
File: epstopdf-sys.cfg 2010/07/13 v1.3 Configuration of (r)epstopdf for TeX Live
))
Package caption Info: Begin \AtBeginDocument code.
Package caption Info: hyperref package is loaded.
Package caption Info: End \AtBeginDocument code.
Package hyperref Info: Link coloring OFF on input line 5.
 (./compiled_manuscript.out) (./compiled_manuscript.out)
\@outlinefile=\write3
\openout3 = `compiled_manuscript.out'.

 (./Sections/intro.tex
LaTeX Font Info:    External font `cmex10' loaded for size
(Font)              <12> on input line 6.
LaTeX Font Info:    External font `cmex10' loaded for size
(Font)              <8> on input line 6.
LaTeX Font Info:    External font `cmex10' loaded for size
(Font)              <6> on input line 6.
 [1

{/usr/local/texlive/2026basic/texmf-var/fonts/map/pdftex/updmap/pdftex.map}] [2]) (./Sections/main.tex [3]
LaTeX Font Info:    External font `cmex10' loaded for size
(Font)              <7> on input line 49.
LaTeX Font Info:    External font `cmex10' loaded for size
(Font)              <5> on input line 49.
 [4] [5] [6] [7] [8] [9]) (./Sections/discussion.tex [10] [11] [12]) (./Sections/methods.tex [13] [14] [15] [16]) (./compiled_manuscript.bbl [17] [18] [19] [20]) (./Sections/figures.tex [21]
<Figs/Lifespan_Fig.pdf, id=465, 383.88518pt x 664.21446pt>
File: Figs/Lifespan_Fig.pdf Graphic file (type pdf)
<use Figs/Lifespan_Fig.pdf>
Package pdftex.def Info: Figs/Lifespan_Fig.pdf  used on input line 6.
(pdftex.def)             Requested size: 307.6943pt x 532.3858pt.


LaTeX Warning: Float too large for page by 70.8556pt on input line 17.

<Figs/Seq_Fig.pdf, id=466, 553.16765pt x 561.79987pt>
File: Figs/Seq_Fig.pdf Graphic file (type pdf)
<use Figs/Seq_Fig.pdf>
Package pdftex.def Info: Figs/Seq_Fig.pdf  used on input line 76.
(pdftex.def)             Requested size: 520.72043pt x 528.84631pt.

LaTeX Warning: Float too large for page by 31.31612pt on input line 86.

<Figs/Seq_Fig2.pdf, id=467, 583.69772pt x 769.88832pt>
File: Figs/Seq_Fig2.pdf Graphic file (type pdf)
<use Figs/Seq_Fig2.pdf>
Package pdftex.def Info: Figs/Seq_Fig2.pdf  used on input line 90.
(pdftex.def)             Requested size: 403.62471pt x 532.37477pt.

LaTeX Warning: Float too large for page by 34.84457pt on input line 101.

<Figs/Con-Ex_and_TAG_Fig.pdf, id=468, 493.29195pt x 475.1863pt>
File: Figs/Con-Ex_and_TAG_Fig.pdf Graphic file (type pdf)
<use Figs/Con-Ex_and_TAG_Fig.pdf>
Package pdftex.def Info: Figs/Con-Ex_and_TAG_Fig.pdf  used on input line 105.
(pdftex.def)             Requested size: 520.72672pt x 501.6141pt.

LaTeX Warning: Float too large for page by 52.08391pt on input line 121.

<Figs/DDrop_Fig.pdf, id=469, 466.0411pt x 532.84569pt>
File: Figs/DDrop_Fig.pdf Graphic file (type pdf)
<use Figs/DDrop_Fig.pdf>
Package pdftex.def Info: Figs/DDrop_Fig.pdf  used on input line 139.
(pdftex.def)             Requested size: 466.03996pt x 532.84438pt.

LaTeX Warning: Float too large for page by 47.31418pt on input line 150.

<Figs/FLIC_Fig.pdf, id=470, 356.73174pt x 434.89677pt>
File: Figs/FLIC_Fig.pdf Graphic file (type pdf)
<use Figs/FLIC_Fig.pdf>
Package pdftex.def Info: Figs/FLIC_Fig.pdf  used on input line 154.
(pdftex.def)             Requested size: 356.73085pt x 434.8957pt.
<Figs/Arena_Fig.pdf, id=471, 339.07176pt x 395.5006pt>
File: Figs/Arena_Fig.pdf Graphic file (type pdf)
<use Figs/Arena_Fig.pdf>
Package pdftex.def Info: Figs/Arena_Fig.pdf  used on input line 169.
(pdftex.def)             Requested size: 456.4854pt x 532.45439pt.

LaTeX Warning: Float too large for page by 22.9242pt on input line 179.

<Figs/Bodyseq_Fig.pdf, id=472, 440.02794pt x 255.65714pt>
File: Figs/Bodyseq_Fig.pdf Graphic file (type pdf)
<use Figs/Bodyseq_Fig.pdf>
Package pdftex.def Info: Figs/Bodyseq_Fig.pdf  used on input line 183.
(pdftex.def)             Requested size: 520.71231pt x 302.53493pt.
<Figs/Metab_Fig.pdf, id=473, 545.86136pt x 736.30183pt>
File: Figs/Metab_Fig.pdf Graphic file (type pdf)
<use Figs/Metab_Fig.pdf>
Package pdftex.def Info: Figs/Metab_Fig.pdf  used on input line 197.
(pdftex.def)             Requested size: 394.70236pt x 532.4064pt.

LaTeX Warning: Float too large for page by 22.8762pt on input line 208.

) [22

] [23 <./Figs/Lifespan_Fig.pdf>] [24 <./Figs/Seq_Fig.pdf>] [25 <./Figs/Seq_Fig2.pdf>] [26 <./Figs/Con-Ex_and_TAG_Fig.pdf>] [27 <./Figs/DDrop_Fig.pdf>] [28 <./Figs/FLIC_Fig.pdf>] [29 <./Figs/Arena_Fig.pdf>] [30 <./Figs/Bodyseq_Fig.pdf>] [31 <./Figs/Metab_Fig.pdf>] (./Sections/supplement.tex
<Figs/Lifespan_Supp.pdf, id=11729, 304.3892pt x 158.33554pt>
File: Figs/Lifespan_Supp.pdf Graphic file (type pdf)
<use Figs/Lifespan_Supp.pdf>
Package pdftex.def Info: Figs/Lifespan_Supp.pdf  used on input line 5.
(pdftex.def)             Requested size: 520.70602pt x 270.85803pt.
<Figs/DDrop_Supp.pdf, id=11730, 243.1193pt x 558.95526pt>
File: Figs/DDrop_Supp.pdf Graphic file (type pdf)
<use Figs/DDrop_Supp.pdf>
Package pdftex.def Info: Figs/DDrop_Supp.pdf  used on input line 12.
(pdftex.def)             Requested size: 231.56297pt x 532.38617pt.


LaTeX Warning: Float too large for page by 10.85597pt on input line 22.

<Figs/FLIC_Supp.pdf, id=11731, 355.00127pt x 426.25247pt>
File: Figs/FLIC_Supp.pdf Graphic file (type pdf)
<use Figs/FLIC_Supp.pdf>
Package pdftex.def Info: Figs/FLIC_Supp.pdf  used on input line 26.
(pdftex.def)             Requested size: 443.38213pt x 532.37201pt.

LaTeX Warning: Float too large for page by 106.84181pt on input line 43.

<Figs/Arena_Supp.pdf, id=11732, 339.06575pt x 417.45561pt>
File: Figs/Arena_Supp.pdf Graphic file (type pdf)
<use Figs/Arena_Supp.pdf>
Package pdftex.def Info: Figs/Arena_Supp.pdf  used on input line 47.
(pdftex.def)             Requested size: 432.41951pt x 532.39218pt.

LaTeX Warning: Float too large for page by 34.86198pt on input line 56.

<Figs/Bodyseq_Supp.pdf, id=11733, 900.33968pt x 1236.91113pt>
File: Figs/Bodyseq_Supp.pdf Graphic file (type pdf)
<use Figs/Bodyseq_Supp.pdf>
Package pdftex.def Info: Figs/Bodyseq_Supp.pdf  used on input line 60.
(pdftex.def)             Requested size: 387.50945pt x 532.37102pt.
) [32


] [33 <./Figs/Lifespan_Supp.pdf>] [34 <./Figs/DDrop_Supp.pdf>] [35 <./Figs/FLIC_Supp.pdf>] [36 <./Figs/Arena_Supp.pdf>] [37 <./Figs/Bodyseq_Supp.pdf>] (./compiled_manuscript.aux)
 ***********
LaTeX2e <2025-11-01>
L3 programming layer <2026-01-19>
 ***********
Package rerunfilecheck Info: File `compiled_manuscript.out' has not changed.
(rerunfilecheck)             Checksum: D41D8CD98F00B204E9800998ECF8427E;0.
 ) 
Here is how much of TeX's memory you used:
 12006 strings out of 469006
 191456 string characters out of 5454814
 642335 words of memory out of 5000000
 40418 multiletter control sequences out of 15000+600000
 639362 words of font info for 62 fonts, out of 8000000 for 9000
 319 hyphenation exceptions out of 8191
 79i,10n,82p,1777b,650s stack positions out of 10000i,1000n,20000p,200000b,200000s
 </Users/evie/Library/texlive/2026basic/texmf-var/fonts/pk/ljfour/jknappen/ec/tctt1000.600pk> </Users/evie/Library/texlive/2026basic/texmf-var/fonts/pk/ljfour/jknappen/ec/ectt1000.600pk> </Users/evie/Library/texlive/2026basic/texmf-var/fonts/pk/ljfour/jknappen/ec/ecrm0700.600pk> </Users/evie/Library/texlive/2026basic/texmf-var/fonts/pk/ljfour/jknappen/ec/ecbx1200.600pk> </Users/evie/Library/texlive/2026basic/texmf-var/fonts/pk/ljfour/jknappen/ec/ecti1000.600pk> </Users/evie/Library/texlive/2026basic/texmf-var/fonts/pk/ljfour/jknappen/ec/ecbx1440.600pk> </Users/evie/Library/texlive/2026basic/texmf-var/fonts/pk/ljfour/jknappen/ec/ecrm1000.600pk> </Users/evie/Library/texlive/2026basic/texmf-var/fonts/pk/ljfour/jknappen/ec/ecbx1000.600pk> </Users/evie/Library/texlive/2026basic/texmf-var/fonts/pk/ljfour/jknappen/ec/ecrm0800.600pk> </Users/evie/Library/texlive/2026basic/texmf-var/fonts/pk/ljfour/jknappen/ec/ecrm1200.600pk> </Users/evie/Library/texlive/2026basic/texmf-var/fonts/pk/ljfour/jknappen/ec/ecti1728.600pk> </Users/evie/Library/texlive/2026basic/texmf-var/fonts/pk/ljfour/jknappen/ec/ecrm1728.600pk></usr/local/texlive/2026basic/texmf-dist/fonts/type1/public/amsfonts/cm/cmmi10.pfb></usr/local/texlive/2026basic/texmf-dist/fonts/type1/public/amsfonts/cm/cmr10.pfb></usr/local/texlive/2026basic/texmf-dist/fonts/type1/public/amsfonts/cm/cmr7.pfb></usr/local/texlive/2026basic/texmf-dist/fonts/type1/public/amsfonts/cm/cmsy10.pfb></usr/local/texlive/2026basic/texmf-dist/fonts/type1/public/amsfonts/cm/cmsy7.pfb>
Output written on compiled_manuscript.pdf (37 pages, 5712912 bytes).
PDF statistics:
 18681 PDF objects out of 22161 (max. 8388607)
 9404 compressed objects within 95 object streams
 139 named destinations out of 1000 (max. 500000)
 71 words of extra memory for PDF output out of 10000 (max. 10000000)

